// Vitest Snapshot v1, https://vitest.dev/guide/snapshot.html

exports[`MovieList Layout Component > renders Filter correctly 1`] = `
<div>
  <div
    class="flex flex-col lg:flex-row lg:items-center justify-between mb-4 gap-4"
  >
    <div
      class="flex flex-row flex-nowrap overflow-x-auto gap-4"
    >
      <div
        data-testid="FilterButton"
      />
      <div
        data-testid="FilterButton"
      />
    </div>
    <div
      data-testid="SearchInput"
    />
  </div>
</div>
`;

exports[`MovieList Layout Component > renders Hero correctly 1`] = `
<div>
  <section
    class="overflow-hidden py-4"
    id="hero"
  >
    <div
      class="mx-auto max-w-screen-xl px-4 py-14 lg:px-8 lg:py-20"
    >
      <h1
        class="text-center text-gray-300 text-4xl lg:text-7xl mb-4"
      >
        🎬 Movie App
      </h1>
      <p
        class="text-center text-gray-300 text-base lg:text-2xl"
      >
        (The Movie Database)
      </p>
    </div>
  </section>
</div>
`;
