// Vitest Snapshot v1, https://vitest.dev/guide/snapshot.html

exports[`MovieList Layout > renders correctly 1`] = `
<div>
  <div
    class="relative w-full min-h-screen"
  >
    <div
      data-testid="Hero"
    />
    <section
      class="overflow-hidden py-4"
      id="movie-list"
    >
      <div
        class="mx-auto max-w-screen-xl px-6 lg:px-8"
      >
        <div
          data-testid="Filter"
        />
        <div
          data-testid="Outlet"
        />
      </div>
    </section>
  </div>
</div>
`;
