// Vitest Snapshot v1, https://vitest.dev/guide/snapshot.html

exports[`Search Page > renders correctly 1`] = `
<div>
  <div
    class="relative w-full min-h-screen"
  >
    <div
      data-testid="Header"
    />
    <section
      class="overflow-hidden py-4"
      id="movie-list"
    >
      <div
        class="mx-auto max-w-screen-xl px-6 lg:px-8"
      >
        <h3
          class="text-gray-300 mb-4"
        >
          Search for: 
        </h3>
        <form
          class="mb-4"
        >
          <input
            class="w-full border-2 rounded-lg  px-4 py-2 bg-white"
            data-testid="search-input"
            name="query"
            placeholder="Search..."
            required=""
            type="search"
          />
        </form>
        <div
          data-testid="MovieList"
        />
      </div>
    </section>
  </div>
</div>
`;
