// Vitest Snapshot v1, https://vitest.dev/guide/snapshot.html

exports[`MovieCard Component > renders correctly 1`] = `
<div>
  <a
    class="flex flex-col gap-3 group relative overflow-hidden cursor-pointer rounded-lg"
    data-discover="true"
    href="/movie/1"
  >
    <div
      data-testid="Poster"
    >
      <div
        class="hidden lg:flex duration-150 group-hover:opacity-100 opacity-0 absolute inset-0 justify-center items-center z-20 bg-black bg-opacity-50"
      />
      <div
        class="hidden lg:flex absolute bottom-0 group-hover:opacity-100 opacity-0 duration-150 w-full flex-col p-4 text-white bg-black bg-opacity-50 z-30"
      >
        <div
          class="text-base mb-1"
        >
          Inception
        </div>
        <div
          class="text-sm text-gray-400"
        >
          2010
        </div>
      </div>
      <div
        class="lg:group-hover:hidden absolute top-3 right-3 px-2 py-1 bg-gray-50 rounded-lg flex flex-col self-start justify-center items-center text-center text-xs text-gray-900 font-medium mb-1"
      >
        <svg
          aria-hidden="true"
          class="size-5"
          data-slot="icon"
          fill="currentColor"
          viewBox="0 0 24 24"
          xmlns="http://www.w3.org/2000/svg"
        >
          <path
            clip-rule="evenodd"
            d="M10.788 3.21c.448-1.077 1.976-1.077 2.424 0l2.082 5.006 5.404.434c1.164.093 1.636 1.545.749 2.305l-4.117 3.527 1.257 5.273c.271 1.136-.964 2.033-1.96 1.425L12 18.354 7.373 21.18c-.996.608-2.231-.29-1.96-1.425l1.257-5.273-4.117-3.527c-.887-.76-.415-2.212.749-2.305l5.404-.434 2.082-5.005Z"
            fill-rule="evenodd"
          />
        </svg>
        1.0
      </div>
    </div>
    <div
      class="flex lg:hidden flex-col text-gray-300 w-auto"
    >
      <div
        class="text-base mb-1"
      >
        Inception
      </div>
      <div
        class="text-sm text-gray-400"
      >
        2010
      </div>
    </div>
  </a>
</div>
`;
